ws2812b.c:44:13:ws2812b_gpio_init	40	static
ws2812b.c:77:13:TIM1_init	24	static
ws2812b.c:136:13:DMA2_init	16	static
ws2812b.c:233:13:loadNextFramebufferData	48	static
ws2812b.c:248:13:WS2812_sendbuf	16	static
ws2812b.c:295:6:DMA_TransferError	24	static
ws2812b.c:302:6:DMA_TransferHalfHandler	32	static
ws2812b.c:328:6:DMA_TransferCompleteHandler	24	static
ws2812b.c:390:6:DMA2_Stream2_IRQHandler	8	static
ws2812b.c:405:6:TIM1_UP_TIM10_IRQHandler	8	static
ws2812b.c:419:6:HAL_TIM_PeriodElapsedCallback	16	static
ws2812b.c:459:13:ws2812b_set_pixel	40	static
ws2812b.c:627:6:ws2812b_init	8	static
ws2812b.c:644:6:ws2812b_handle	8	static
